// Jest Snapshot v1, https://goo.gl/fbAQLP

exports[`Square component Matches the snapshot 1`] = `
<button
  className="square"
  onClick={[Function]}
/>
`;
